[muson.laborasyon.com/layouts/vertical/index.html]
[backblue.gif]
[fade.gif]
[index.html]
[muson.laborasyon.com/assets/media/image/favicon.png]
[muson.laborasyon.com/vendors/bundle.css]
[muson.laborasyon.com/vendors/slick/slick-theme.css]
[muson.laborasyon.com/vendors/datepicker/daterangepicker.css]
[muson.laborasyon.com/vendors/dataTable/datatables.min.css]
[muson.laborasyon.com/assets/css/app.min.css]
[muson.laborasyon.com/layouts/vertical/chat.html]
[muson.laborasyon.com/assets/media/image/user/women_avatar3.jpg]
[muson.laborasyon.com/assets/media/image/user/man_avatar4.jpg]
[muson.laborasyon.com/assets/media/image/user/women_avatar1.jpg]
[muson.laborasyon.com/assets/media/image/user/women_avatar2.jpg]
[muson.laborasyon.com/assets/media/image/user/man_avatar1.jpg]
[muson.laborasyon.com/assets/media/image/user/man_avatar2.jpg]
[muson.laborasyon.com/assets/media/image/logo.png]
[muson.laborasyon.com/layouts/vertical/mail.html]
[muson.laborasyon.com/layouts/vertical/todo-list.html]
[muson.laborasyon.com/layouts/vertical/file-manager.html]
[muson.laborasyon.com/assets/media/image/products/product6.png]
[muson.laborasyon.com/assets/media/image/products/product7.png]
[muson.laborasyon.com/assets/media/image/user/man_avatar3.jpg]
[muson.laborasyon.com/assets/media/image/image1.jpg]
[muson.laborasyon.com/layouts/vertical/profile.html]
[muson.laborasyon.com/layouts/vertical/login.html]
[muson.laborasyon.com/layouts/vertical/ecommerce-dashboard.html]
[muson.laborasyon.com/layouts/vertical/analytics-dashboard.html]
[muson.laborasyon.com/layouts/vertical/orders.html]
[muson.laborasyon.com/layouts/vertical/product-list.html]
[muson.laborasyon.com/layouts/vertical/product-grid.html]
[muson.laborasyon.com/layouts/vertical/product-detail.html]
[muson.laborasyon.com/layouts/vertical/calendar.html]
[muson.laborasyon.com/layouts/vertical/gallery.html]
[muson.laborasyon.com/layouts/vertical/invoice.html]
[muson.laborasyon.com/layouts/vertical/user-list.html]
[muson.laborasyon.com/layouts/vertical/user-edit.html]
[muson.laborasyon.com/layouts/vertical/register.html]
[muson.laborasyon.com/layouts/vertical/recovery-password.html]
[muson.laborasyon.com/layouts/vertical/lock-screen.html]
[muson.laborasyon.com/layouts/vertical/basic-forms.html]
[muson.laborasyon.com/layouts/vertical/custom-forms.html]
[muson.laborasyon.com/layouts/vertical/advanced-forms.html]
[muson.laborasyon.com/layouts/vertical/form-validation.html]
[muson.laborasyon.com/layouts/vertical/form-wizard.html]
[muson.laborasyon.com/layouts/vertical/file-upload.html]
[muson.laborasyon.com/layouts/vertical/datepicker.html]
[muson.laborasyon.com/layouts/vertical/timepicker.html]
[muson.laborasyon.com/layouts/vertical/colorpicker.html]
[muson.laborasyon.com/layouts/vertical/alert.html]
[muson.laborasyon.com/layouts/vertical/accordion.html]
[muson.laborasyon.com/layouts/vertical/buttons.html]
[muson.laborasyon.com/layouts/vertical/dropdown.html]
[muson.laborasyon.com/layouts/vertical/list-group.html]
[muson.laborasyon.com/layouts/vertical/pagination.html]
[muson.laborasyon.com/layouts/vertical/typography.html]
[muson.laborasyon.com/layouts/vertical/media-object.html]
[muson.laborasyon.com/layouts/vertical/progress.html]
[muson.laborasyon.com/layouts/vertical/modal.html]
[muson.laborasyon.com/layouts/vertical/spinners.html]
[muson.laborasyon.com/layouts/vertical/navs.html]
[muson.laborasyon.com/layouts/vertical/tab.html]
[muson.laborasyon.com/layouts/vertical/basic-cards.html]
[muson.laborasyon.com/layouts/vertical/image-cards.html]
[muson.laborasyon.com/layouts/vertical/scroll-cards.html]
[muson.laborasyon.com/layouts/vertical/other-cards.html]
[muson.laborasyon.com/layouts/vertical/basic-tables.html]
[muson.laborasyon.com/layouts/vertical/dataTable.html]
[muson.laborasyon.com/layouts/vertical/responsive-tables.html]
[muson.laborasyon.com/layouts/vertical/apexchart.html]
[muson.laborasyon.com/layouts/vertical/chartjs.html]
[muson.laborasyon.com/layouts/vertical/justgage.html]
[muson.laborasyon.com/layouts/vertical/morsis.html]
[muson.laborasyon.com/layouts/vertical/peity.html]
[muson.laborasyon.com/layouts/vertical/google-map.html]
[muson.laborasyon.com/layouts/vertical/vector-map.html]
[muson.laborasyon.com/layouts/vertical/avatar.html]
[muson.laborasyon.com/layouts/vertical/icons.html]
[muson.laborasyon.com/layouts/vertical/colors.html]
[muson.laborasyon.com/layouts/vertical/sweet-alert.html]
[muson.laborasyon.com/layouts/vertical/lightbox.html]
[muson.laborasyon.com/layouts/vertical/toast.html]
[muson.laborasyon.com/layouts/vertical/tour.html]
[muson.laborasyon.com/layouts/vertical/slick-slide.html]
[muson.laborasyon.com/layouts/vertical/nestable.html]
[muson.laborasyon.com/layouts/vertical/timeline.html]
[muson.laborasyon.com/layouts/vertical/pricing-table.html]
[muson.laborasyon.com/layouts/vertical/pricing-table-2.html]
[muson.laborasyon.com/layouts/vertical/search-result.html]
[muson.laborasyon.com/layouts/vertical/mailing.html]
[muson.laborasyon.com/layouts/vertical/404.html]
[muson.laborasyon.com/layouts/vertical/503.html]
[muson.laborasyon.com/layouts/vertical/mean-at-work.html]
[muson.laborasyon.com/layouts/vertical/blank-page.html]
[muson.laborasyon.com/assets/media/image/products/product1.png]
[muson.laborasyon.com/assets/media/image/products/product2.png]
[muson.laborasyon.com/assets/media/image/products/product4.png]
[muson.laborasyon.com/assets/media/image/products/product5.png]
[muson.laborasyon.com/assets/media/image/products/product8.png]
[muson.laborasyon.com/assets/media/image/products/product9.png]
[muson.laborasyon.com/assets/media/image/products/product10.png]
[muson.laborasyon.com/vendors/bundle.js]
[apexcharts.com/samples/assets/irregular-data-series.js]
[muson.laborasyon.com/vendors/datepicker/daterangepicker.js]
[muson.laborasyon.com/vendors/charts/apex/apexcharts.min.js]
[muson.laborasyon.com/vendors/vmap/jquery.vmap.min.js]
[muson.laborasyon.com/vendors/vmap/maps/jquery.vmap.usa.js]
[muson.laborasyon.com/assets/js/examples/vmap.js]
[muson.laborasyon.com/assets/js/examples/pages/ecommerce-dashboard.js]
[muson.laborasyon.com/assets/js/app.min.js]
[muson.laborasyon.com/layouts/vertical/index.html]
[muson.laborasyon.com/vendors/bundle.css]
[muson.laborasyon.com/vendors/slick/ajax-loader.gif]
[muson.laborasyon.com/vendors/dataTable/datatables.min.js]
[muson.laborasyon.com/vendors/slick/fonts/slick.eot]
[muson.laborasyon.com/vendors/slick/slick.css]
[muson.laborasyon.com/vendors/slick/fonts/slickd41d.eot]
[muson.laborasyon.com/vendors/slick/fonts/slick.woff]
[muson.laborasyon.com/vendors/slick/fonts/slick.ttf]
[muson.laborasyon.com/vendors/slick/fonts/slick.svg]
[muson.laborasyon.com/vendors/slick/slick-theme.css]
[muson.laborasyon.com/vendors/datepicker/daterangepicker.css]
[muson.laborasyon.com/vendors/dataTable/datatables.min.css]
[muson.laborasyon.com/assets/css/app.min.css]
[muson.laborasyon.com/assets/media/image/photo1.jpg]
[muson.laborasyon.com/layouts/vertical/chat.html]
[muson.laborasyon.com/assets/media/image/user/man_avatar5.jpg]
[muson.laborasyon.com/assets/media/image/user/women_avatar5.jpg]
[muson.laborasyon.com/vendors/tagsinput/bootstrap-tagsinput.js]
[muson.laborasyon.com/layouts/vertical/mail.html]
[muson.laborasyon.com/vendors/quill/quill.js]
[muson.laborasyon.com/vendors/clockpicker/bootstrap-clockpicker.min.css]
[muson.laborasyon.com/vendors/select2/css/select2.min.css]
[muson.laborasyon.com/vendors/clockpicker/bootstrap-clockpicker.min.js]
[muson.laborasyon.com/assets/js/examples/clockpicker.js]
[muson.laborasyon.com/vendors/select2/js/select2.min.js]
[muson.laborasyon.com/assets/js/examples/datepicker.js]
[muson.laborasyon.com/layouts/vertical/todo-list.html]
[muson.laborasyon.com/layouts/vertical/file-manager.html]
[muson.laborasyon.com/assets/media/image/products/product3.png]
[muson.laborasyon.com/assets/media/image/portfolio-one.jpg]
[muson.laborasyon.com/assets/media/image/portfolio-two.jpg]
[muson.laborasyon.com/assets/media/image/portfolio-three.jpg]
[muson.laborasyon.com/assets/media/image/portfolio-four.jpg]
[muson.laborasyon.com/assets/media/image/portfolio-five.jpg]
[muson.laborasyon.com/assets/media/image/portfolio-six.jpg]
[muson.laborasyon.com/assets/media/image/photo9.jpg]
[muson.laborasyon.com/assets/media/image/photo10.jpg]
[muson.laborasyon.com/assets/media/image/user/women_avatar4.jpg]
[muson.laborasyon.com/layouts/vertical/profile.html]
[muson.laborasyon.com/assets/media/image/logo-dark.png]
[muson.laborasyon.com/layouts/vertical/login.html]
[muson.laborasyon.com/layouts/vertical/ecommerce-dashboard.html]
[muson.laborasyon.com/vendors/circle-progress/circle-progress.min.js]
[muson.laborasyon.com/vendors/charts/peity/jquery.peity.min.js]
[muson.laborasyon.com/assets/js/examples/charts/peity.js]
[muson.laborasyon.com/assets/js/examples/pages/analytics-dashboard.js]
[muson.laborasyon.com/layouts/vertical/analytics-dashboard.html]
[muson.laborasyon.com/vendors/charts/chartjs/chart.min.js]
[muson.laborasyon.com/assets/js/examples/pages/orders.js]
[muson.laborasyon.com/layouts/vertical/orders.html]
[muson.laborasyon.com/vendors/range-slider/css/ion.rangeSlider.min.css]
[muson.laborasyon.com/vendors/range-slider/js/ion.rangeSlider.min.js]
[muson.laborasyon.com/assets/js/examples/pages/product-list.js]
[muson.laborasyon.com/layouts/vertical/product-list.html]
[muson.laborasyon.com/assets/js/examples/pages/product-grid.js]
[muson.laborasyon.com/layouts/vertical/product-grid.html]
[muson.laborasyon.com/vendors/slick/slick.min.js]
[muson.laborasyon.com/assets/js/examples/pages/product-detail.js]
[muson.laborasyon.com/layouts/vertical/product-detail.html]
[muson.laborasyon.com/vendors/fullcalendar/fullcalendar.min.css]
[muson.laborasyon.com/vendors/fullcalendar/moment.min.js]
[muson.laborasyon.com/assets/js/examples/fullcalendar.js]
[muson.laborasyon.com/vendors/fullcalendar/fullcalendar.min.js]
[muson.laborasyon.com/assets/js/examples/pages/calendar.js]
[muson.laborasyon.com/layouts/vertical/calendar.html]
[muson.laborasyon.com/vendors/lightbox/magnific-popup.css]
[muson.laborasyon.com/assets/media/image/photo2.jpg]
[muson.laborasyon.com/assets/media/image/photo3.jpg]
[muson.laborasyon.com/assets/media/image/photo4.jpg]
[muson.laborasyon.com/assets/media/image/photo5.jpg]
[muson.laborasyon.com/assets/media/image/photo6.jpg]
[muson.laborasyon.com/assets/media/image/photo7.jpg]
[muson.laborasyon.com/assets/media/image/photo8.jpg]
[muson.laborasyon.com/vendors/lightbox/jquery.magnific-popup.min.js]
[muson.laborasyon.com/vendors/jquery.isotope.min.js]
[muson.laborasyon.com/assets/js/examples/pages/gallery.js]
[muson.laborasyon.com/layouts/vertical/gallery.html]
[muson.laborasyon.com/layouts/vertical/invoice.html]
[muson.laborasyon.com/assets/js/examples/pages/user-list.js]
[muson.laborasyon.com/layouts/vertical/user-list.html]
[muson.laborasyon.com/layouts/vertical/user-edit.html]
[muson.laborasyon.com/layouts/vertical/register.html]
[muson.laborasyon.com/layouts/vertical/recovery-password.html]
[muson.laborasyon.com/layouts/vertical/lock-screen.html]
[muson.laborasyon.com/vendors/prism/prism.css]
[muson.laborasyon.com/vendors/prism/prism.js]
[muson.laborasyon.com/layouts/vertical/basic-forms.html]
[muson.laborasyon.com/layouts/vertical/custom-forms.html]
[muson.laborasyon.com/assets/js/examples/range-slider.js]
[muson.laborasyon.com/vendors/input-mask/jquery.mask.js]
[muson.laborasyon.com/assets/js/examples/input-mask.js]
[muson.laborasyon.com/layouts/vertical/advanced-forms.html]
[muson.laborasyon.com/layouts/vertical/form-validation.html]
[muson.laborasyon.com/vendors/form-wizard/jquery.steps.css]
[muson.laborasyon.com/vendors/form-wizard/jquery.steps.min.js]
[muson.laborasyon.com/assets/js/examples/form-wizard.js]
[muson.laborasyon.com/layouts/vertical/form-wizard.html]
[muson.laborasyon.com/vendors/dropzone/dropzone.css]
[muson.laborasyon.com/layouts/vertical/file-upload.html]
[muson.laborasyon.com/layouts/vertical/datepicker.html]
[muson.laborasyon.com/layouts/vertical/timepicker.html]
[muson.laborasyon.com/vendors/dropzone/dropzone.js]
[muson.laborasyon.com/vendors/colorpicker/css/bootstrap-colorpicker.min.css]
[muson.laborasyon.com/vendors/colorpicker/js/bootstrap-colorpicker.min.js]
[muson.laborasyon.com/assets/js/examples/colorpicker.js]
[muson.laborasyon.com/layouts/vertical/colorpicker.html]
[muson.laborasyon.com/layouts/vertical/alert.html]
[muson.laborasyon.com/layouts/vertical/accordion.html]
[muson.laborasyon.com/assets/media/image/google_play_button.png]
[muson.laborasyon.com/layouts/vertical/buttons.html]
[muson.laborasyon.com/layouts/vertical/dropdown.html]
[muson.laborasyon.com/layouts/vertical/list-group.html]
[muson.laborasyon.com/layouts/vertical/pagination.html]
[muson.laborasyon.com/layouts/vertical/typography.html]
[muson.laborasyon.com/layouts/vertical/media-object.html]
[muson.laborasyon.com/layouts/vertical/progress.html]
[muson.laborasyon.com/layouts/vertical/modal.html]
[muson.laborasyon.com/layouts/vertical/spinners.html]
[muson.laborasyon.com/layouts/vertical/navs.html]
[muson.laborasyon.com/layouts/vertical/tab.html]
[muson.laborasyon.com/layouts/vertical/basic-cards.html]
[muson.laborasyon.com/layouts/vertical/image-cards.html]
[muson.laborasyon.com/layouts/vertical/scroll-cards.html]
[muson.laborasyon.com/layouts/vertical/other-cards.html]
[muson.laborasyon.com/layouts/vertical/basic-tables.html]
[muson.laborasyon.com/layouts/vertical/tooltip.html]
[muson.laborasyon.com/layouts/vertical/dataTable.html]
[muson.laborasyon.com/layouts/vertical/responsive-tables.html]
[muson.laborasyon.com/assets/js/examples/datatable.js]
[muson.laborasyon.com/assets/js/examples/charts/apex.js]
[muson.laborasyon.com/layouts/vertical/apexchart.html]
[muson.laborasyon.com/assets/js/examples/charts/chartjs.js]
[muson.laborasyon.com/layouts/vertical/chartjs.html]
[muson.laborasyon.com/vendors/charts/justgage/raphael-2.1.4.min.js]
[muson.laborasyon.com/vendors/charts/justgage/justgage.js]
[muson.laborasyon.com/assets/js/examples/charts/justgage.js]
[muson.laborasyon.com/layouts/vertical/justgage.html]
[muson.laborasyon.com/vendors/charts/morsis/morris.css]
[muson.laborasyon.com/vendors/charts/morsis/raphael-2.1.4.min.js]
[muson.laborasyon.com/vendors/charts/morsis/morris.min.js]
[muson.laborasyon.com/assets/js/examples/charts/morsis.js]
[muson.laborasyon.com/layouts/vertical/morsis.html]
[muson.laborasyon.com/layouts/vertical/peity.html]
[muson.laborasyon.com/layouts/vertical/google-map.html]
[muson.laborasyon.com/vendors/vmap/jqvmap.min.css]
[muson.laborasyon.com/vendors/vmap/maps/jquery.vmap.world.js]
[muson.laborasyon.com/layouts/vertical/vector-map.html]
[muson.laborasyon.com/layouts/vertical/avatar.html]
[muson.laborasyon.com/layouts/vertical/icons.html]
[muson.laborasyon.com/layouts/vertical/colors.html]
[muson.laborasyon.com/vendors/vmap/maps/jquery.vmap.canada.js]
[muson.laborasyon.com/assets/js/examples/sweet-alert.js]
[muson.laborasyon.com/layouts/vertical/sweet-alert.html]
[muson.laborasyon.com/assets/js/examples/lightbox.js]
[muson.laborasyon.com/layouts/vertical/lightbox.html]
[muson.laborasyon.com/assets/js/examples/toast.js]
[muson.laborasyon.com/layouts/vertical/toast.html]
[muson.laborasyon.com/vendors/enjoyhint/enjoyhint.css]
[muson.laborasyon.com/vendors/enjoyhint/enjoyhint.min.js]
[muson.laborasyon.com/assets/js/examples/tour.js]
[muson.laborasyon.com/layouts/vertical/tour.html]
[muson.laborasyon.com/assets/js/examples/slick.js]
[muson.laborasyon.com/layouts/vertical/slick-slide.html]
[muson.laborasyon.com/vendors/nestable/nestable.css]
[muson.laborasyon.com/vendors/nestable/jquery.nestable.js]
[muson.laborasyon.com/layouts/vertical/nestable.html]
[muson.laborasyon.com/layouts/vertical/timeline.html]
[muson.laborasyon.com/layouts/vertical/pricing-table.html]
[muson.laborasyon.com/layouts/vertical/pricing-table-2.html]
[muson.laborasyon.com/layouts/vertical/search-result.html]
[muson.laborasyon.com/assets/media/image/notification-icon.png]
[muson.laborasyon.com/layouts/vertical/mailing.html]
[muson.laborasyon.com/layouts/vertical/404.html]
[muson.laborasyon.com/layouts/vertical/503.html]
[muson.laborasyon.com/layouts/vertical/mean-at-work.html]
[muson.laborasyon.com/layouts/vertical/blank-page.html]
[muson.laborasyon.com/layouts/vertical/popper.js]
[muson.laborasyon.com/layouts/vertical/node.js]
[muson.laborasyon.com/vendors/bundle.js]
[muson.laborasyon.com/vendors/charts/apex/apexcharts.min.js]
[muson.laborasyon.com/vendors/datepicker/daterangepicker.js]
[muson.laborasyon.com/layouts/vertical/zlib/deflate.js]
[muson.laborasyon.com/layouts/vertical/zlib/inflate.js]
[muson.laborasyon.com/layouts/vertical/ABCDEFGHIJKLMNOPQRSTUVWXYZabcdefghijklmnopqrstuvwxyz0123456789+/index.html]
[muson.laborasyon.com/layouts/vertical/xl/workbook.d8.delayed]
[muson.laborasyon.com/layouts/vertical/xl/styles.xml]
[muson.laborasyon.com/layouts/vertical/[Content_Types].xml]
[muson.laborasyon.com/vendors/dataTable/datatables.min.js]
[muson.laborasyon.com/vendors/vmap/jquery.vmap.min.js]
[muson.laborasyon.com/vendors/vmap/maps/jquery.vmap.usa.js]
[muson.laborasyon.com/assets/js/examples/vmap.js]
[muson.laborasyon.com/assets/js/examples/pages/ecommerce-dashboard.js]
[muson.laborasyon.com/layouts/vertical/resources/js/app.js]
[muson.laborasyon.com/assets/js/app.min.js]
[muson.laborasyon.com/vendors/slick/slick.css]
[muson.laborasyon.com/vendors/slick/fonts/slick.svg]
[muson.laborasyon.com/vendors/tagsinput/bootstrap-tagsinput.js]
[muson.laborasyon.com/assets/js/examples/tagsinput.js]
[muson.laborasyon.com/vendors/quill/quill.js]
[muson.laborasyon.com/vendors/quill/quill.snow.css]
[muson.laborasyon.com/vendors/clockpicker/bootstrap-clockpicker.min.css]
[muson.laborasyon.com/vendors/select2/css/select2.min.css]
[muson.laborasyon.com/vendors/clockpicker/bootstrap-clockpicker.min.js]
[muson.laborasyon.com/assets/js/examples/clockpicker.js]
[muson.laborasyon.com/vendors/select2/js/select2.min.js]
[muson.laborasyon.com/assets/js/examples/select2.js]
[muson.laborasyon.com/assets/js/examples/datepicker.js]
[muson.laborasyon.com/vendors/charts/chartjs/chart.min.js]
[muson.laborasyon.com/vendors/circle-progress/circle-progress.min.js]
[muson.laborasyon.com/vendors/charts/peity/jquery.peity.min.js]
[muson.laborasyon.com/assets/js/examples/charts/peity.js]
[muson.laborasyon.com/assets/js/examples/pages/analytics-dashboard.js]
[muson.laborasyon.com/assets/js/examples/pages/orders.js]
[muson.laborasyon.com/vendors/range-slider/css/ion.rangeSlider.min.css]
[muson.laborasyon.com/vendors/range-slider/js/ion.rangeSlider.min.js]
[muson.laborasyon.com/assets/js/examples/pages/product-list.js]
[muson.laborasyon.com/assets/js/examples/pages/product-grid.js]
[muson.laborasyon.com/vendors/slick/slick.min.js]
[muson.laborasyon.com/assets/js/examples/pages/product-detail.js]
[muson.laborasyon.com/vendors/fullcalendar/fullcalendar.min.css]
[muson.laborasyon.com/vendors/fullcalendar/moment.min.js]
[muson.laborasyon.com/vendors/fullcalendar/fullcalendar.min.js]
[muson.laborasyon.com/assets/js/examples/fullcalendar.js]
[muson.laborasyon.com/assets/js/examples/pages/calendar.js]
[muson.laborasyon.com/vendors/lightbox/magnific-popup.css]
[muson.laborasyon.com/vendors/lightbox/jquery.magnific-popup.min.js]
[muson.laborasyon.com/vendors/jquery.isotope.min.js]
[muson.laborasyon.com/assets/js/examples/pages/gallery.js]
[muson.laborasyon.com/assets/js/examples/pages/user-list.js]
[muson.laborasyon.com/vendors/prism/prism.css]
[muson.laborasyon.com/vendors/prism/prism.js]
[muson.laborasyon.com/assets/js/examples/range-slider.js]
[muson.laborasyon.com/vendors/input-mask/jquery.mask.js]
[muson.laborasyon.com/assets/js/examples/input-mask.js]
[muson.laborasyon.com/vendors/form-wizard/jquery.steps.css]
[muson.laborasyon.com/vendors/form-wizard/jquery.steps.min.js]
[muson.laborasyon.com/assets/js/examples/form-wizard.js]
[muson.laborasyon.com/vendors/dropzone/dropzone.css]
[muson.laborasyon.com/vendors/dropzone/dropzone.js]
[muson.laborasyon.com/vendors/colorpicker/css/bootstrap-colorpicker.min.css]
[muson.laborasyon.com/vendors/colorpicker/js/bootstrap-colorpicker.min.js]
[muson.laborasyon.com/assets/js/examples/colorpicker.js]
[muson.laborasyon.com/layouts/vertical/tooltip.html]
[muson.laborasyon.com/layouts/vertical/popovers.html]
[muson.laborasyon.com/assets/js/examples/datatable.js]
[muson.laborasyon.com/assets/js/examples/charts/apex.js]
[muson.laborasyon.com/assets/js/examples/charts/chartjs.js]
[muson.laborasyon.com/layouts/vertical/formats/index.html]
[muson.laborasyon.com/layouts/vertical/blots/index.html]
[muson.laborasyon.com/vendors/tagsinput/bootstrap-tagsinput.css]
[muson.laborasyon.com/layouts/vertical/raphael.svg]
[muson.laborasyon.com/vendors/charts/justgage/raphael-2.1.4.min.js]
[muson.laborasyon.com/vendors/charts/justgage/justgage.js]
[muson.laborasyon.com/assets/js/examples/charts/justgage.js]
[muson.laborasyon.com/vendors/charts/morsis/morris.css]
[muson.laborasyon.com/vendors/charts/morsis/raphael-2.1.4.min.js]
[muson.laborasyon.com/vendors/charts/morsis/morris.min.js]
[muson.laborasyon.com/assets/js/examples/charts/morsis.js]
[muson.laborasyon.com/vendors/vmap/jqvmap.min.css]
[muson.laborasyon.com/vendors/vmap/maps/jquery.vmap.world.js]
[muson.laborasyon.com/vendors/vmap/maps/jquery.vmap.canada.js]
[muson.laborasyon.com/assets/js/examples/sweet-alert.js]
[muson.laborasyon.com/assets/js/examples/lightbox.js]
[muson.laborasyon.com/assets/js/examples/toast.js]
[muson.laborasyon.com/vendors/enjoyhint/Casino_Hand/casino_hand-webfont.eot]
[muson.laborasyon.com/vendors/enjoyhint/Casino_Hand/casino_hand-webfontd41d.eot]
[muson.laborasyon.com/vendors/enjoyhint/Casino_Hand/casino_hand-webfont.woff]
[muson.laborasyon.com/vendors/enjoyhint/Casino_Hand/casino_hand-webfont.ttf]
[muson.laborasyon.com/vendors/enjoyhint/Casino_Hand/casino_hand-webfont.svg]
[muson.laborasyon.com/vendors/enjoyhint/enjoyhint.css]
[muson.laborasyon.com/vendors/enjoyhint/enjoyhint.min.js]
[muson.laborasyon.com/assets/js/examples/tour.js]
[muson.laborasyon.com/assets/js/examples/slick.js]
[muson.laborasyon.com/vendors/nestable/nestable.css]
[muson.laborasyon.com/vendors/nestable/jquery.nestable.js]
[muson.laborasyon.com/layouts/vertical/popper.html]
[muson.laborasyon.com/layouts/vertical/node.html]
[muson.laborasyon.com/layouts/vertical/zlib/deflate.html]
[muson.laborasyon.com/layouts/vertical/zlib/inflate.html]
[muson.laborasyon.com/layouts/vertical/ABCDEFGHIJKLMNOPQRSTUVWXYZabcdefghijklmnopqrstuvwxyz0123456789+/index.html]
[muson.laborasyon.com/layouts/vertical/xl/workbook.html]
[muson.laborasyon.com/layouts/vertical/xl/styles.html]
[muson.laborasyon.com/layouts/vertical/[Content_Types].html]
[muson.laborasyon.com/layouts/vertical/resources/js/app.html]
[muson.laborasyon.com/vendors/quill/quill.snow.css]
[muson.laborasyon.com/vendors/tagsinput/bootstrap-tagsinput.css]
[muson.laborasyon.com/layouts/vertical/blots/index.html]
[muson.laborasyon.com/layouts/vertical/formats/index.html]
[muson.laborasyon.com/layouts/vertical/popovers.html]
[muson.laborasyon.com/layouts/vertical/raphael.html]
[muson.laborasyon.com/vendors/enjoyhint/Casino_Hand/casino_hand-webfont.html]
[muson.laborasyon.com/vendors/enjoyhint/Casino_Hand/casino_hand-webfontd41d.html]
[muson.laborasyon.com/vendors/enjoyhint/Casino_Hand/casino_hand-webfont-2.html]
[muson.laborasyon.com/vendors/enjoyhint/Casino_Hand/casino_hand-webfont-3.html]
[muson.laborasyon.com/vendors/enjoyhint/Casino_Hand/casino_hand-webfont-4.html]
[muson.laborasyon.com/layouts/vertical/buttons.pdf]
[muson.laborasyon.com/layouts/vertical/buttons.pdf]
[muson.laborasyon.com/layouts/vertical/xl/worksheets/sheet1.xml]
[muson.laborasyon.com/layouts/vertical/xl/worksheets/sheet1.xml]
